
> aathi-yoga@0.0.0 test
> vitest run


[1m[30m[46m RUN [49m[39m[22m [36mv4.1.10 [39m[90m/home/runner/work/aathi-yoga/aathi-yoga[39m

[31m⎯⎯⎯⎯⎯⎯[39m[1m[41m Unhandled Errors [49m[22m[31m⎯⎯⎯⎯⎯⎯[39m
[31m[1m
Vitest caught 5 unhandled errors during the test run.
This might cause false positive tests. Resolve unhandled errors to make sure your tests are not affected.[22m[39m

[31m⎯⎯⎯⎯⎯⎯[39m[1m[41m Unhandled Error [49m[22m[31m⎯⎯⎯⎯⎯⎯⎯[39m
[31m[1mError[22m: [vitest-pool]: Failed to start forks worker for test files /home/runner/work/aathi-yoga/aathi-yoga/src/lib/crypto.test.js.[39m
[90m [2m❯[22m node_modules/vitest/dist/chunks/cli-api.BK8pd4xc.js:[2m3465:94[22m[39m
[90m [2m❯[22m processTicksAndRejections node:internal/process/task_queues:[2m95:5[22m[39m
[90m [2m❯[22m Pool.schedule node_modules/vitest/dist/chunks/cli-api.BK8pd4xc.js:[2m3465:5[22m[39m

[31m[1mCaused by: TypeError[22m: webidl.util.markAsUncloneable is not a function[39m
[90m [2m❯[22m new CacheStorage node_modules/jsdom/node_modules/undici/lib/web/cache/cachestorage.js:[2m20:17[22m[39m
[90m [2m❯[22m Object.<anonymous> node_modules/jsdom/node_modules/undici/index.js:[2m179:25[22m[39m
[90m [2m❯[22m Module._compile node:internal/modules/cjs/loader:[2m1521:14[22m[39m
[90m [2m❯[22m Module._extensions..js node:internal/modules/cjs/loader:[2m1623:10[22m[39m
[90m [2m❯[22m Module.load node:internal/modules/cjs/loader:[2m1266:32[22m[39m
[90m [2m❯[22m Module._load node:internal/modules/cjs/loader:[2m1091:12[22m[39m
[90m [2m❯[22m Module.require node:internal/modules/cjs/loader:[2m1289:19[22m[39m
[90m [2m❯[22m require node:internal/modules/helpers:[2m182:18[22m[39m
[90m [2m❯[22m Object.<anonymous> node_modules/jsdom/lib/api.js:[2m12:33[22m[39m
[90m [2m❯[22m Module._compile node:internal/modules/cjs/loader:[2m1521:14[22m[39m


[31m⎯⎯⎯⎯⎯⎯[39m[1m[41m Unhandled Error [49m[22m[31m⎯⎯⎯⎯⎯⎯⎯[39m
[31m[1mError[22m: [vitest-pool]: Failed to start forks worker for test files /home/runner/work/aathi-yoga/aathi-yoga/src/store/useBookingStore.test.js.[39m
[90m [2m❯[22m node_modules/vitest/dist/chunks/cli-api.BK8pd4xc.js:[2m3465:94[22m[39m
[90m [2m❯[22m processTicksAndRejections node:internal/process/task_queues:[2m95:5[22m[39m
[90m [2m❯[22m Pool.schedule node_modules/vitest/dist/chunks/cli-api.BK8pd4xc.js:[2m3465:5[22m[39m

[31m[1mCaused by: TypeError[22m: webidl.util.markAsUncloneable is not a function[39m
[90m [2m❯[22m new CacheStorage node_modules/jsdom/node_modules/undici/lib/web/cache/cachestorage.js:[2m20:17[22m[39m
[90m [2m❯[22m Object.<anonymous> node_modules/jsdom/node_modules/undici/index.js:[2m179:25[22m[39m
[90m [2m❯[22m Module._compile node:internal/modules/cjs/loader:[2m1521:14[22m[39m
[90m [2m❯[22m Module._extensions..js node:internal/modules/cjs/loader:[2m1623:10[22m[39m
[90m [2m❯[22m Module.load node:internal/modules/cjs/loader:[2m1266:32[22m[39m
[90m [2m❯[22m Module._load node:internal/modules/cjs/loader:[2m1091:12[22m[39m
[90m [2m❯[22m Module.require node:internal/modules/cjs/loader:[2m1289:19[22m[39m
[90m [2m❯[22m require node:internal/modules/helpers:[2m182:18[22m[39m
[90m [2m❯[22m Object.<anonymous> node_modules/jsdom/lib/api.js:[2m12:33[22m[39m
[90m [2m❯[22m Module._compile node:internal/modules/cjs/loader:[2m1521:14[22m[39m


[31m⎯⎯⎯⎯⎯⎯[39m[1m[41m Unhandled Error [49m[22m[31m⎯⎯⎯⎯⎯⎯⎯[39m
[31m[1mError[22m: [vitest-pool]: Failed to start forks worker for test files /home/runner/work/aathi-yoga/aathi-yoga/src/components/layout/ProtectedRoute.test.jsx.[39m
[90m [2m❯[22m node_modules/vitest/dist/chunks/cli-api.BK8pd4xc.js:[2m3465:94[22m[39m
[90m [2m❯[22m processTicksAndRejections node:internal/process/task_queues:[2m95:5[22m[39m
[90m [2m❯[22m Pool.schedule node_modules/vitest/dist/chunks/cli-api.BK8pd4xc.js:[2m3465:5[22m[39m

[31m[1mCaused by: TypeError[22m: webidl.util.markAsUncloneable is not a function[39m
[90m [2m❯[22m new CacheStorage node_modules/jsdom/node_modules/undici/lib/web/cache/cachestorage.js:[2m20:17[22m[39m
[90m [2m❯[22m Object.<anonymous> node_modules/jsdom/node_modules/undici/index.js:[2m179:25[22m[39m
[90m [2m❯[22m Module._compile node:internal/modules/cjs/loader:[2m1521:14[22m[39m
[90m [2m❯[22m Module._extensions..js node:internal/modules/cjs/loader:[2m1623:10[22m[39m
[90m [2m❯[22m Module.load node:internal/modules/cjs/loader:[2m1266:32[22m[39m
[90m [2m❯[22m Module._load node:internal/modules/cjs/loader:[2m1091:12[22m[39m
[90m [2m❯[22m Module.require node:internal/modules/cjs/loader:[2m1289:19[22m[39m
[90m [2m❯[22m require node:internal/modules/helpers:[2m182:18[22m[39m
[90m [2m❯[22m Object.<anonymous> node_modules/jsdom/lib/api.js:[2m12:33[22m[39m
[90m [2m❯[22m Module._compile node:internal/modules/cjs/loader:[2m1521:14[22m[39m


[31m⎯⎯⎯⎯⎯⎯[39m[1m[41m Unhandled Error [49m[22m[31m⎯⎯⎯⎯⎯⎯⎯[39m
[31m[1mError[22m: [vitest-pool]: Failed to start forks worker for test files /home/runner/work/aathi-yoga/aathi-yoga/src/store/bookingStateMachine.test.js.[39m
[90m [2m❯[22m node_modules/vitest/dist/chunks/cli-api.BK8pd4xc.js:[2m3465:94[22m[39m
[90m [2m❯[22m processTicksAndRejections node:internal/process/task_queues:[2m95:5[22m[39m
[90m [2m❯[22m Pool.schedule node_modules/vitest/dist/chunks/cli-api.BK8pd4xc.js:[2m3465:5[22m[39m

[31m[1mCaused by: TypeError[22m: webidl.util.markAsUncloneable is not a function[39m
[90m [2m❯[22m new CacheStorage node_modules/jsdom/node_modules/undici/lib/web/cache/cachestorage.js:[2m20:17[22m[39m
[90m [2m❯[22m Object.<anonymous> node_modules/jsdom/node_modules/undici/index.js:[2m179:25[22m[39m
[90m [2m❯[22m Module._compile node:internal/modules/cjs/loader:[2m1521:14[22m[39m
[90m [2m❯[22m Module._extensions..js node:internal/modules/cjs/loader:[2m1623:10[22m[39m
[90m [2m❯[22m Module.load node:internal/modules/cjs/loader:[2m1266:32[22m[39m
[90m [2m❯[22m Module._load node:internal/modules/cjs/loader:[2m1091:12[22m[39m
[90m [2m❯[22m Module.require node:internal/modules/cjs/loader:[2m1289:19[22m[39m
[90m [2m❯[22m require node:internal/modules/helpers:[2m182:18[22m[39m
[90m [2m❯[22m Object.<anonymous> node_modules/jsdom/lib/api.js:[2m12:33[22m[39m
[90m [2m❯[22m Module._compile node:internal/modules/cjs/loader:[2m1521:14[22m[39m


[31m⎯⎯⎯⎯⎯⎯[39m[1m[41m Unhandled Error [49m[22m[31m⎯⎯⎯⎯⎯⎯⎯[39m
[31m[1mError[22m: [vitest-pool]: Failed to start forks worker for test files /home/runner/work/aathi-yoga/aathi-yoga/src/store/useCartStore.test.js.[39m
[90m [2m❯[22m node_modules/vitest/dist/chunks/cli-api.BK8pd4xc.js:[2m3465:94[22m[39m
[90m [2m❯[22m processTicksAndRejections node:internal/process/task_queues:[2m95:5[22m[39m
[90m [2m❯[22m Pool.schedule node_modules/vitest/dist/chunks/cli-api.BK8pd4xc.js:[2m3465:5[22m[39m

[31m[1mCaused by: TypeError[22m: webidl.util.markAsUncloneable is not a function[39m
[90m [2m❯[22m new CacheStorage node_modules/jsdom/node_modules/undici/lib/web/cache/cachestorage.js:[2m20:17[22m[39m
[90m [2m❯[22m Object.<anonymous> node_modules/jsdom/node_modules/undici/index.js:[2m179:25[22m[39m
[90m [2m❯[22m Module._compile node:internal/modules/cjs/loader:[2m1521:14[22m[39m
[90m [2m❯[22m Module._extensions..js node:internal/modules/cjs/loader:[2m1623:10[22m[39m
[90m [2m❯[22m Module.load node:internal/modules/cjs/loader:[2m1266:32[22m[39m
[90m [2m❯[22m Module._load node:internal/modules/cjs/loader:[2m1091:12[22m[39m
[90m [2m❯[22m Module.require node:internal/modules/cjs/loader:[2m1289:19[22m[39m
[90m [2m❯[22m require node:internal/modules/helpers:[2m182:18[22m[39m
[90m [2m❯[22m Object.<anonymous> node_modules/jsdom/lib/api.js:[2m12:33[22m[39m
[90m [2m❯[22m Module._compile node:internal/modules/cjs/loader:[2m1521:14[22m[39m

[31m⎯⎯⎯⎯⎯⎯⎯⎯⎯⎯⎯⎯⎯⎯⎯⎯⎯⎯⎯⎯⎯⎯⎯⎯⎯⎯⎯⎯⎯⎯[39m


[2m Test Files [22m [2mno tests[22m
[2m      Tests [22m [2mno tests[22m
[2m     Errors [22m [1m[31m5 errors[39m[22m
[2m   Start at [22m 11:01:07
[2m   Duration [22m 415ms[2m (transform 0ms, setup 0ms, import 0ms, tests 0ms, environment 0ms)[22m

